---
source: tests/snapshot.rs
expression: rendered
input_file: tests/snippets/inline-formatting.md
---
[1mLorem[0m [3mipsum[0m ]8;id=1;https://example.com/\dolor sit]8;;\ [9mamet[0m, [3m[33mconsectetur[0m adipiscing elit, sed do eiusmod tempor incididunt ut labore [0m
et dolore magna aliqua. Ut enim ad minim veniam, quis nostrud exercitation ullamco laboris nisi ut [0m
aliquip ex ea commodo consequat. Duis aute irure dolor in reprehenderit in voluptate velit esse [0m
cillum dolore eu fugiat nulla pariatur. Excepteur sint occaecat cupidatat non proident, sunt in [0m
culpa qui officia deserunt mollit anim id est laborum.[0m
