---
source: tests/snapshot.rs
expression: rendered
input_file: tests/snippets/quote-with-author.md
---
â”ƒ[0m [0mThe famous pipe. How people reproached me for it! And yet, could you stuff my pipe? No, it's just a [0m
â”ƒ[0m [0mrepresentation, is it not? So if I had written on my picture "This is a pipe", I'd have been lying![0m
    â€• [0mRenÃ© Magritte[0m
