---
source: tests/snapshot.rs
expression: rendered
input_file: tests/snippets/chinese-simplified.md
---
[1m[4m[32m[0m[1m[4m[32mChinese Simplified[0m

An example to see how the text wrapping is handled:[0m

тФГ[0m [0mцИСхзРхзРхЬихдЦхЫ╜шпнхдзхнжхнжф╣ах╛╖шпня╝МхПСшВ▓хТМц▒ЙшпнуАВцИСхзРхзРхЬихдЦхЫ╜шпнхдзхнжхнжф╣ах╛╖шпня╝МхПСшВ▓хТМц▒ЙшпнуАВцИСхзРхзРхЬихдЦхЫ╜шпнхдзхнжхнжф╣ах╛╖шпня╝МхПСшВ▓хТМ[0m
тФГ[0m [0mц▒ЙшпнуАВцИСхзРхзРхЬихдЦхЫ╜шпнхдзхнжхнжф╣ах╛╖шпня╝МхПСшВ▓хТМц▒ЙшпнуАВцИСхзРхзРхЬихдЦхЫ╜шпнхдзхнжхнжф╣ах╛╖шпня╝МхПСшВ▓хТМц▒ЙшпнуАВцИСхзРхзРхЬихдЦхЫ╜шпнхдзхнжхнжф╣ах╛╖шпня╝М[0m
тФГ[0m [0mхПСшВ▓хТМц▒ЙшпнуАВцИСхзРхзРхЬихдЦхЫ╜шпнхдзхнжхнжф╣ах╛╖шпня╝МхПСшВ▓хТМц▒ЙшпнуАВцИСхзРхзРхЬихдЦхЫ╜шпнхдзхнжхнжф╣ах╛╖шпня╝МхПСшВ▓хТМц▒ЙшпнуАВцИСхзРхзРхЬихдЦхЫ╜шпнхдзхнжхнжф╣а[0m
тФГ[0m [0mх╛╖шпня╝МхПСшВ▓хТМц▒ЙшпнуАВцИСхзРхзРхЬихдЦхЫ╜шпнхдзхнжхнжф╣ах╛╖шпня╝МхПСшВ▓хТМц▒ЙшпнуАВцИСхзРхзРхЬихдЦхЫ╜шпнхдзхнжхнжф╣ах╛╖шпня╝МхПСшВ▓хТМц▒ЙшпнуАВцИСхзРхзРхЬихдЦхЫ╜шпнхдз[0m
тФГ[0m [0mхнжхнжф╣ах╛╖шпня╝МхПСшВ▓хТМц▒ЙшпнуАВцИСхзРхзРхЬихдЦхЫ╜шпнхдзхнжхнжф╣ах╛╖шпня╝МхПСшВ▓хТМц▒ЙшпнуАВцИСхзРхзРхЬихдЦхЫ╜шпнхдзхнжхнжф╣ах╛╖шпня╝МхПСшВ▓хТМц▒ЙшпнуАВцИСхзРхзРхЬихдЦ[0m
тФГ[0m [0mхЫ╜шпнхдзхнжхнжф╣ах╛╖шпня╝МхПСшВ▓хТМц▒ЙшпнуАВцИСхзРхзРхЬихдЦхЫ╜шпнхдзхнжхнжф╣ах╛╖шпня╝МхПСшВ▓хТМц▒ЙшпнуАВцИСхзРхзРхЬихдЦхЫ╜шпнхдзхнжхнжф╣ах╛╖шпня╝МхПСшВ▓хТМц▒ЙшпнуАВцИСхзР[0m
тФГ[0m [0mхзРхЬихдЦхЫ╜шпнхдзхнжхнжф╣ах╛╖шпня╝МхПСшВ▓хТМц▒ЙшпнуАВцИСхзРхзРхЬихдЦхЫ╜шпнхдзхнжхнжф╣ах╛╖шпня╝МхПСшВ▓хТМц▒ЙшпнуАВцИСхзРхзРхЬихдЦхЫ╜шпнхдзхнжхнжф╣ах╛╖шпня╝МхПСшВ▓хТМц▒Й[0m
тФГ[0m [0mшпнуАВцИСхзРхзРхЬихдЦхЫ╜шпнхдзхнжхнжф╣ах╛╖шпня╝МхПСшВ▓хТМц▒ЙшпнуАВцИСхзРхзРхЬихдЦхЫ╜шпнхдзхнжхнжф╣ах╛╖шпня╝МхПСшВ▓хТМц▒ЙшпнуАВцИСхзРхзРхЬихдЦхЫ╜шпнхдзхнжхнжф╣ах╛╖шпня╝МхПС[0m
тФГ[0m [0mшВ▓хТМц▒ЙшпнуАВцИСхзРхзРхЬихдЦхЫ╜шпнхдзхнжхнжф╣ах╛╖шпня╝МхПСшВ▓хТМц▒ЙшпнуАВцИСхзРхзРхЬихдЦхЫ╜шпнхдзхнжхнжф╣ах╛╖шпня╝МхПСшВ▓хТМц▒ЙшпнуАВцИСхзРхзРхЬихдЦхЫ╜шпнхдзхнжхнжф╣ах╛╖[0m
тФГ[0m [0mшпня╝МхПСшВ▓хТМц▒ЙшпнуАВцИСхзРхзРхЬихдЦхЫ╜шпнхдзхнжхнжф╣ах╛╖шпня╝МхПСшВ▓хТМц▒ЙшпнуАВцИСхзРхзРхЬихдЦхЫ╜шпнхдзхнжхнжф╣ах╛╖шпня╝МхПСшВ▓хТМц▒ЙшпнуАВцИСхзРхзРхЬихдЦхЫ╜шпнхдзхнж[0m
тФГ[0m [0mхнжф╣ах╛╖шпня╝МхПСшВ▓хТМц▒ЙшпнуАВцИСхзРхзРхЬихдЦхЫ╜шпнхдзхнжхнжф╣ах╛╖шпня╝МхПСшВ▓хТМц▒ЙшпнуАВцИСхзРхзРхЬихдЦхЫ╜шпнхдзхнжхнжф╣ах╛╖шпня╝МхПСшВ▓хТМц▒ЙшпнуАВцИСхзРхзРхЬихдЦхЫ╜[0m
тФГ[0m [0mшпнхдзхнжхнжф╣ах╛╖шпня╝МхПСшВ▓хТМц▒ЙшпнуАВ[0m
