---
source: tests/snapshot.rs
expression: rendered
input_file: tests/snippets/prefixed-headings.md
---
[1m[34mâ”ˆ[0m[1m[34mHeading 1[0m

[1m[34mâ”ˆâ”ˆ[0m[1m[34mHeading 2[0m

[1m[34mâ”ˆâ”ˆâ”ˆ[0m[1m[34mHeading 3[0m

[1m[34mâ”ˆâ”ˆâ”ˆâ”ˆ[0m[1m[34mHeading 4[0m

[1m[34mâ”ˆâ”ˆâ”ˆâ”ˆâ”ˆ[0m[1m[34mHeading 5[0m

[1m[34mâ”ˆâ”ˆâ”ˆâ”ˆâ”ˆâ”ˆ[0m[1m[34mHeading 6[0m
